"24", "Jigsaw", "11.78", "12.78"
"187", "Baby toy", "132.78"
"11", "Coca-cola", "200.34", "300.00"
